// Jest Snapshot v1, https://goo.gl/fbAQLP

exports[`MoreAction test cases should render correctly 1`] = `
<DocumentFragment>
  <button
    aria-expanded="false"
    aria-haspopup="true"
    aria-label="Dropdown button"
    class="group relative items-center box-border appearance-none select-none whitespace-nowrap font-normal overflow-hidden tap-highlight-transparent data-[pressed=true]:scale-[0.97] outline-none data-[focus-visible=true]:z-10 data-[focus-visible=true]:outline-2 data-[focus-visible=true]:outline-focus data-[focus-visible=true]:outline-offset-2 px-4 min-w-20 h-10 text-small gap-2 [&>svg]:max-w-[theme(spacing.8)] transition-transform-colors-opacity motion-reduce:transition-none data-[hover=true]:opacity-hover z-10 aria-expanded:scale-[0.97] aria-expanded:opacity-70 subpixel-antialiased text-primary-100 rounded-lg bg-background-100 border-1 data-[focus=true]:border-primary data-[focus=true]:border-1 flex justify-start capitalize"
    data-slot="trigger"
    id="react-aria-:r0:"
    type="button"
  >
    <div
      class="text-primary-100 max-h-6 max-w-6"
    />
  </button>
</DocumentFragment>
`;
