// Jest Snapshot v1, https://goo.gl/fbAQLP

exports[`ActivityFeed test cases should render correctly with props 1`] = `
<DocumentFragment>
  <section
    class="flex flex-col relative overflow-hidden text-foreground box-border outline-none data-[focus-visible=true]:z-10 data-[focus-visible=true]:outline-2 data-[focus-visible=true]:outline-focus data-[focus-visible=true]:outline-offset-2 shadow-medium rounded-large transition-transform-background motion-reduce:transition-none bg-background-200 h-fit w-full p-4 md:py-5"
    tabindex="-1"
  >
    <p
      class="text-primary-100 font-semibold text-lg leading-9"
    >
      Activity Feed
    </p>
    <div
      class="flex flex-col items-center"
    >
      <div
        class="flex flex-col relative gap-4 w-full"
      >
        <div
          class="z-0 flex flex-col relative justify-between gap-4 overflow-auto rounded-large w-full bg-transparent-200 shadow-none p-0 pt-4"
        >
          <table
            aria-describedby=""
            aria-label="Table"
            class="min-w-full h-auto table-auto w-full"
            id="activity-feed"
            role="grid"
            tabindex="0"
          >
            <thead
              class="[&>tr]:first:rounded-lg hidden"
              role="rowgroup"
            >
              <tr
                class="group outline-none data-[focus-visible=true]:z-10 data-[focus-visible=true]:outline-2 data-[focus-visible=true]:outline-focus data-[focus-visible=true]:outline-offset-2"
                role="row"
              >
                <th
                  class="group px-3 h-10 align-middle bg-default-100 whitespace-nowrap text-foreground-500 text-tiny font-semibold first:rounded-s-lg last:rounded-e-lg data-[sortable=true]:cursor-pointer data-[hover=true]:text-foreground-400 outline-none data-[focus-visible=true]:z-10 data-[focus-visible=true]:outline-2 data-[focus-visible=true]:outline-focus data-[focus-visible=true]:outline-offset-2 text-start"
                  data-key="sender"
                  id="activity-feed-sender"
                  role="columnheader"
                  tabindex="-1"
                >
                  Sender
                </th>
                <th
                  class="group px-3 h-10 align-middle bg-default-100 whitespace-nowrap text-foreground-500 text-tiny font-semibold first:rounded-s-lg last:rounded-e-lg data-[sortable=true]:cursor-pointer data-[hover=true]:text-foreground-400 outline-none data-[focus-visible=true]:z-10 data-[focus-visible=true]:outline-2 data-[focus-visible=true]:outline-focus data-[focus-visible=true]:outline-offset-2 text-start"
                  data-key="status"
                  id="activity-feed-status"
                  role="columnheader"
                  tabindex="-1"
                >
                  Status
                </th>
              </tr>
              <tr
                aria-hidden="true"
                class="w-px h-px block"
                style="margin-left: 0.25rem; margin-top: 0.25rem;"
                tabindex="-1"
              />
            </thead>
            <tbody
              data-empty="true"
              role="rowgroup"
            >
              <tr
                role="row"
              >
                <td
                  class="align-middle text-center text-primary-100 text-xl font-medium h-[152px] pb-4"
                  colspan="2"
                  role="gridcell"
                >
                  Result Not Found
                </td>
              </tr>
            </tbody>
          </table>
        </div>
      </div>
    </div>
  </section>
</DocumentFragment>
`;

exports[`ActivityFeed test cases should render correctly without empty role 1`] = `
<DocumentFragment>
  <section
    class="flex flex-col relative overflow-hidden text-foreground box-border outline-none data-[focus-visible=true]:z-10 data-[focus-visible=true]:outline-2 data-[focus-visible=true]:outline-focus data-[focus-visible=true]:outline-offset-2 shadow-medium rounded-large transition-transform-background motion-reduce:transition-none bg-background-200 h-fit w-full p-4 md:py-5"
    tabindex="-1"
  >
    <p
      class="text-primary-100 font-semibold text-lg leading-9"
    >
      Activity Feed
    </p>
    <div
      class="flex flex-col items-center"
    >
      <div
        class="flex flex-col relative gap-4 w-full"
      >
        <div
          class="z-0 flex flex-col relative justify-between gap-4 overflow-auto rounded-large w-full bg-transparent-200 shadow-none p-0 pt-4"
        >
          <table
            aria-describedby=""
            aria-label="Table"
            class="min-w-full h-auto table-auto w-full"
            id="activity-feed"
            role="grid"
            tabindex="0"
          >
            <thead
              class="[&>tr]:first:rounded-lg hidden"
              role="rowgroup"
            >
              <tr
                class="group outline-none data-[focus-visible=true]:z-10 data-[focus-visible=true]:outline-2 data-[focus-visible=true]:outline-focus data-[focus-visible=true]:outline-offset-2"
                role="row"
              >
                <th
                  class="group px-3 h-10 align-middle bg-default-100 whitespace-nowrap text-foreground-500 text-tiny font-semibold first:rounded-s-lg last:rounded-e-lg data-[sortable=true]:cursor-pointer data-[hover=true]:text-foreground-400 outline-none data-[focus-visible=true]:z-10 data-[focus-visible=true]:outline-2 data-[focus-visible=true]:outline-focus data-[focus-visible=true]:outline-offset-2 text-start"
                  data-key="sender"
                  id="activity-feed-sender"
                  role="columnheader"
                  tabindex="-1"
                >
                  Sender
                </th>
                <th
                  class="group px-3 h-10 align-middle bg-default-100 whitespace-nowrap text-foreground-500 text-tiny font-semibold first:rounded-s-lg last:rounded-e-lg data-[sortable=true]:cursor-pointer data-[hover=true]:text-foreground-400 outline-none data-[focus-visible=true]:z-10 data-[focus-visible=true]:outline-2 data-[focus-visible=true]:outline-focus data-[focus-visible=true]:outline-offset-2 text-start"
                  data-key="status"
                  id="activity-feed-status"
                  role="columnheader"
                  tabindex="-1"
                >
                  Status
                </th>
              </tr>
              <tr
                aria-hidden="true"
                class="w-px h-px block"
                style="margin-left: 0.25rem; margin-top: 0.25rem;"
                tabindex="-1"
              />
            </thead>
            <tbody
              data-empty="true"
              role="rowgroup"
            >
              <tr
                role="row"
              >
                <td
                  class="align-middle text-center text-primary-100 text-xl font-medium h-[152px] pb-4"
                  colspan="2"
                  role="gridcell"
                >
                  Result Not Found
                </td>
              </tr>
            </tbody>
          </table>
        </div>
      </div>
    </div>
  </section>
</DocumentFragment>
`;
