// Jest Snapshot v1, https://goo.gl/fbAQLP

exports[`ActivityFeedList test cases should render correctly 1`] = `
<DocumentFragment>
  <section
    class="flex flex-col relative overflow-hidden text-foreground box-border outline-none data-[focus-visible=true]:z-10 data-[focus-visible=true]:outline-2 data-[focus-visible=true]:outline-focus data-[focus-visible=true]:outline-offset-2 shadow-medium rounded-large transition-transform-background motion-reduce:transition-none bg-background-200 h-fit w-full p-4 md:py-5"
    tabindex="-1"
  >
    <p
      class="text-primary-100 font-semibold text-lg leading-9"
    >
      Activity Feed
    </p>
    <div
      class="flex flex-col items-center"
    >
      <div
        class="flex flex-col relative gap-4 w-full"
      >
        <div
          class="z-0 flex flex-col relative justify-between gap-4 overflow-auto rounded-large w-full bg-transparent-200 shadow-none p-0 pt-4"
        >
          <table
            aria-describedby=""
            aria-label="Table"
            class="min-w-full h-auto table-auto w-full"
            id="activity-feed"
            role="grid"
            tabindex="0"
          >
            <thead
              class="[&>tr]:first:rounded-lg hidden"
              role="rowgroup"
            >
              <tr
                class="group outline-none data-[focus-visible=true]:z-10 data-[focus-visible=true]:outline-2 data-[focus-visible=true]:outline-focus data-[focus-visible=true]:outline-offset-2"
                role="row"
              >
                <th
                  class="group px-3 h-10 align-middle bg-default-100 whitespace-nowrap text-foreground-500 text-tiny font-semibold first:rounded-s-lg last:rounded-e-lg data-[sortable=true]:cursor-pointer data-[hover=true]:text-foreground-400 outline-none data-[focus-visible=true]:z-10 data-[focus-visible=true]:outline-2 data-[focus-visible=true]:outline-focus data-[focus-visible=true]:outline-offset-2 text-start"
                  data-key="sender"
                  id="activity-feed-sender"
                  role="columnheader"
                  tabindex="-1"
                >
                  Sender
                </th>
                <th
                  class="group px-3 h-10 align-middle bg-default-100 whitespace-nowrap text-foreground-500 text-tiny font-semibold first:rounded-s-lg last:rounded-e-lg data-[sortable=true]:cursor-pointer data-[hover=true]:text-foreground-400 outline-none data-[focus-visible=true]:z-10 data-[focus-visible=true]:outline-2 data-[focus-visible=true]:outline-focus data-[focus-visible=true]:outline-offset-2 text-start"
                  data-key="status"
                  id="activity-feed-status"
                  role="columnheader"
                  tabindex="-1"
                >
                  Status
                </th>
              </tr>
              <tr
                aria-hidden="true"
                class="w-px h-px block"
                style="margin-left: 0.25rem; margin-top: 0.25rem;"
                tabindex="-1"
              />
            </thead>
            <tbody
              role="rowgroup"
            >
              <tr
                aria-labelledby="activity-feed-1-sender"
                class="group outline-none data-[focus-visible=true]:z-10 data-[focus-visible=true]:outline-2 data-[focus-visible=true]:outline-focus data-[focus-visible=true]:outline-offset-2"
                data-first="true"
                data-key="1"
                role="row"
                tabindex="-1"
              >
                <td
                  class="relative align-middle whitespace-normal text-small font-normal [&>*]:z-1 [&>*]:relative outline-none data-[focus-visible=true]:z-10 data-[focus-visible=true]:outline-2 data-[focus-visible=true]:outline-focus data-[focus-visible=true]:outline-offset-2 before:content-[''] before:absolute before:z-0 before:inset-0 before:opacity-0 data-[selected=true]:before:opacity-100 group-data-[disabled=true]:text-foreground-300 group-data-[disabled=true]:cursor-not-allowed before:bg-default/60 data-[selected=true]:text-default-foreground first:before:rounded-s-lg last:before:rounded-e-lg text-start p-0 pb-6"
                  data-key="table-row-cell-sender"
                  headers="activity-feed-sender"
                  id="activity-feed-1-sender"
                  role="cell"
                  tabindex="-1"
                >
                  <div
                    class="flex gap-3 justify-items-start ml-1"
                  >
                    <span
                      class="overflow-hidden outline-none rounded-full ring-offset-background dark:ring-offset-background-dark shrink-0 min-w-8 w-8 h-8 bg-undefined ring-offset-2 ring-1 ring-green false"
                      data-testid="avatar-container"
                      tabindex="-1"
                    >
                      <img
                        alt=""
                        class="aspect-square"
                        data-nimg="1"
                        decoding="async"
                        fetchpriority="high"
                        height="48"
                        src="http://localhost/_next/image?url=%2Fupload%2F300&w=96&q=75"
                        srcset="/_next/image?url=%2Fupload%2F300&w=48&q=75 1x, /_next/image?url=%2Fupload%2F300&w=96&q=75 2x"
                        style="color: transparent; object-fit: cover; background-size: cover; background-position: 50% 50%; background-repeat: no-repeat;"
                        width="48"
                      />
                    </span>
                    <div
                      class="flex flex-col mr-8"
                    >
                      <p
                        class="text-primary-200 font-medium text-2xs md:text-xs text-wrap"
                      >
                         updated at Sep 12, 2024 9:00 am
                      </p>
                      <p
                        class="text-primary-300 font-normal text-2xs"
                      >
                        a month ago
                      </p>
                    </div>
                  </div>
                </td>
                <td
                  class="relative align-middle whitespace-normal text-small font-normal [&>*]:z-1 [&>*]:relative outline-none data-[focus-visible=true]:z-10 data-[focus-visible=true]:outline-2 data-[focus-visible=true]:outline-focus data-[focus-visible=true]:outline-offset-2 before:content-[''] before:absolute before:z-0 before:inset-0 before:opacity-0 data-[selected=true]:before:opacity-100 group-data-[disabled=true]:text-foreground-300 group-data-[disabled=true]:cursor-not-allowed before:bg-default/60 data-[selected=true]:text-default-foreground first:before:rounded-s-lg last:before:rounded-e-lg text-start p-0 pb-6"
                  data-key="table-row-cell-status"
                  headers="activity-feed-status"
                  role="cell"
                  tabindex="-1"
                >
                  <div
                    class="bg-success text-white dark:text-success dark:bg-opacity-20 w-[68px] px-2 rounded-md text-center leading-[27px] max-w-[70px]"
                  >
                    <p
                      class="text-2xs font-semibold capitalize"
                    >
                      new
                    </p>
                  </div>
                </td>
              </tr>
              <tr
                aria-labelledby="activity-feed-2-sender"
                class="group outline-none data-[focus-visible=true]:z-10 data-[focus-visible=true]:outline-2 data-[focus-visible=true]:outline-focus data-[focus-visible=true]:outline-offset-2"
                data-key="2"
                data-last="true"
                data-odd="true"
                role="row"
                tabindex="-1"
              >
                <td
                  class="relative align-middle whitespace-normal text-small font-normal [&>*]:z-1 [&>*]:relative outline-none data-[focus-visible=true]:z-10 data-[focus-visible=true]:outline-2 data-[focus-visible=true]:outline-focus data-[focus-visible=true]:outline-offset-2 before:content-[''] before:absolute before:z-0 before:inset-0 before:opacity-0 data-[selected=true]:before:opacity-100 group-data-[disabled=true]:text-foreground-300 group-data-[disabled=true]:cursor-not-allowed before:bg-default/60 data-[selected=true]:text-default-foreground first:before:rounded-s-lg last:before:rounded-e-lg text-start p-0"
                  data-key="table-row-cell-sender"
                  headers="activity-feed-sender"
                  id="activity-feed-2-sender"
                  role="cell"
                  tabindex="-1"
                >
                  <div
                    class="flex gap-3 justify-items-start ml-1"
                  >
                    <span
                      class="overflow-hidden outline-none rounded-full ring-offset-background dark:ring-offset-background-dark shrink-0 min-w-8 w-8 h-8 bg-undefined ring-offset-2 ring-1 ring-green false"
                      data-testid="avatar-container"
                      tabindex="-1"
                    >
                      <img
                        alt=""
                        class="aspect-square"
                        data-nimg="1"
                        decoding="async"
                        fetchpriority="high"
                        height="48"
                        src="http://localhost/_next/image?url=%2Fupload%2F300&w=96&q=75"
                        srcset="/_next/image?url=%2Fupload%2F300&w=48&q=75 1x, /_next/image?url=%2Fupload%2F300&w=96&q=75 2x"
                        style="color: transparent; object-fit: cover; background-size: cover; background-position: 50% 50%; background-repeat: no-repeat;"
                        width="48"
                      />
                    </span>
                    <div
                      class="flex flex-col mr-8"
                    >
                      <p
                        class="text-primary-200 font-medium text-2xs md:text-xs text-wrap"
                      >
                         deleted at Sep 12, 2024 9:00 am
                      </p>
                      <p
                        class="text-primary-300 font-normal text-2xs"
                      >
                        a month ago
                      </p>
                    </div>
                  </div>
                </td>
                <td
                  class="relative align-middle whitespace-normal text-small font-normal [&>*]:z-1 [&>*]:relative outline-none data-[focus-visible=true]:z-10 data-[focus-visible=true]:outline-2 data-[focus-visible=true]:outline-focus data-[focus-visible=true]:outline-offset-2 before:content-[''] before:absolute before:z-0 before:inset-0 before:opacity-0 data-[selected=true]:before:opacity-100 group-data-[disabled=true]:text-foreground-300 group-data-[disabled=true]:cursor-not-allowed before:bg-default/60 data-[selected=true]:text-default-foreground first:before:rounded-s-lg last:before:rounded-e-lg text-start p-0"
                  data-key="table-row-cell-status"
                  headers="activity-feed-status"
                  role="cell"
                  tabindex="-1"
                >
                  <div
                    class="bg-success text-white dark:text-success dark:bg-opacity-20 w-[68px] px-2 rounded-md text-center leading-[27px] max-w-[70px]"
                  >
                    <p
                      class="text-2xs font-semibold capitalize"
                    >
                      new
                    </p>
                  </div>
                </td>
              </tr>
            </tbody>
          </table>
        </div>
      </div>
    </div>
  </section>
</DocumentFragment>
`;
