// Jest Snapshot v1, https://goo.gl/fbAQLP

exports[`Toast component renders the error toast correctly 1`] = `
<div>
  <div
    class="overflow-hidden h-auto text-foreground box-border outline-none data-[focus-visible=true]:z-10 data-[focus-visible=true]:outline-2 data-[focus-visible=true]:outline-focus data-[focus-visible=true]:outline-offset-2 shadow-medium transition-transform-background motion-reduce:transition-none flex flex-row fixed z-[999] items-center justify-between w-full max-w-xs p-4 rounded-lg top-5 right-5 bg-background-100"
    data-testid="toast"
    role="alert"
    tabindex="-1"
  >
    <svg
      class="mocked-class"
      fill="none"
      viewBox="0 0 22 22"
      xmlns="http://www.w3.org/2000/svg"
    >
      <circle
        cx="11.2681"
        cy="10.7317"
        fill="white"
        r="7.5122"
      />
      <path
        d="M11 0C8.82441 0 6.69767 0.645139 4.88873 1.85383C3.07979 3.06253 1.66989 4.78049 0.83733 6.79048C0.00476611 8.80047 -0.213071 11.0122 0.211367 13.146C0.635804 15.2798 1.68345 17.2398 3.22183 18.7782C4.76021 20.3165 6.72022 21.3642 8.85401 21.7886C10.9878 22.2131 13.1995 21.9952 15.2095 21.1627C17.2195 20.3301 18.9375 18.9202 20.1462 17.1113C21.3549 15.3023 22 13.1756 22 11C21.9944 8.08433 20.8337 5.28969 18.772 3.228C16.7103 1.16631 13.9157 0.00559093 11 0ZM14.9875 13.7817C15.1464 13.9422 15.2355 14.1588 15.2355 14.3846C15.2355 14.6104 15.1464 14.8271 14.9875 14.9875C14.8258 15.1439 14.6096 15.2313 14.3846 15.2313C14.1596 15.2313 13.9435 15.1439 13.7817 14.9875L11 12.1952L8.21827 14.9875C8.05654 15.1439 7.84036 15.2313 7.61539 15.2313C7.39041 15.2313 7.17424 15.1439 7.0125 14.9875C6.85361 14.8271 6.76447 14.6104 6.76447 14.3846C6.76447 14.1588 6.85361 13.9422 7.0125 13.7817L9.80481 11L7.0125 8.21827C6.87757 8.05386 6.80862 7.84515 6.81905 7.63272C6.82948 7.42029 6.91856 7.21934 7.06895 7.06895C7.21934 6.91856 7.4203 6.82948 7.63272 6.81905C7.84515 6.80861 8.05387 6.87757 8.21827 7.0125L11 9.80481L13.7817 7.0125C13.9461 6.87757 14.1549 6.80861 14.3673 6.81905C14.5797 6.82948 14.7807 6.91856 14.9311 7.06895C15.0814 7.21934 15.1705 7.42029 15.181 7.63272C15.1914 7.84515 15.1224 8.05386 14.9875 8.21827L12.1952 11L14.9875 13.7817Z"
        fill="currentColor"
      />
    </svg>
    <p
      class="text-sm text-primary-200 max-w-[220px] ml-2 mr-3"
    >
      Item has been deleted.
    </p>
    <button
      class="z-0 group relative inline-flex items-center justify-center box-border appearance-none select-none whitespace-nowrap subpixel-antialiased overflow-hidden tap-highlight-transparent data-[pressed=true]:scale-[0.97] outline-none data-[focus-visible=true]:z-10 data-[focus-visible=true]:outline-2 data-[focus-visible=true]:outline-focus data-[focus-visible=true]:outline-offset-2 text-small gap-2 rounded-medium !gap-0 transition-transform-colors-opacity motion-reduce:transition-none w-10 h-10 data-[hover=true]:opacity-hover border-transparent font-semibold text-primary-200 bg-none min-w-5 p-0"
      type="button"
    >
      <svg
        class="w-3 h-3"
        fill="none"
        viewBox="0 0 14 14"
        xmlns="http://www.w3.org/2000/svg"
      >
        <path
          d="M1 1l6 6m0 0l6 6M7 7l6-6M7 7l-6 6"
          stroke="currentColor"
          stroke-linecap="round"
          stroke-linejoin="round"
          stroke-width="2"
        />
      </svg>
    </button>
  </div>
</div>
`;

exports[`Toast component renders the success toast correctly 1`] = `
<div>
  <div
    class="overflow-hidden h-auto text-foreground box-border outline-none data-[focus-visible=true]:z-10 data-[focus-visible=true]:outline-2 data-[focus-visible=true]:outline-focus data-[focus-visible=true]:outline-offset-2 shadow-medium transition-transform-background motion-reduce:transition-none flex flex-row fixed z-[999] items-center justify-between w-full max-w-xs p-4 rounded-lg top-5 right-5 bg-background-100"
    data-testid="toast"
    role="alert"
    tabindex="-1"
  >
    <svg
      aria-hidden="true"
      class="mocked-class"
      fill="currentColor"
      viewBox="0 0 20 20"
      xmlns="http://www.w3.org/2000/svg"
    >
      <path
        d="M10 .5a9.5 9.5 0 1 0 9.5 9.5A9.51 9.51 0 0 0 10 .5Zm3.707 8.207-4 4a1 1 0 0 1-1.414 0l-2-2a1 1 0 0 1 1.414-1.414L9 10.586l3.293-3.293a1 1 0 0 1 1.414 1.414Z"
      />
    </svg>
    <p
      class="text-sm text-primary-200 max-w-[220px] ml-2 mr-3"
    >
      Item moved successfully.
    </p>
    <button
      class="z-0 group relative inline-flex items-center justify-center box-border appearance-none select-none whitespace-nowrap subpixel-antialiased overflow-hidden tap-highlight-transparent data-[pressed=true]:scale-[0.97] outline-none data-[focus-visible=true]:z-10 data-[focus-visible=true]:outline-2 data-[focus-visible=true]:outline-focus data-[focus-visible=true]:outline-offset-2 text-small gap-2 rounded-medium !gap-0 transition-transform-colors-opacity motion-reduce:transition-none w-10 h-10 data-[hover=true]:opacity-hover border-transparent font-semibold text-primary-200 bg-none min-w-5 p-0"
      type="button"
    >
      <svg
        class="w-3 h-3"
        fill="none"
        viewBox="0 0 14 14"
        xmlns="http://www.w3.org/2000/svg"
      >
        <path
          d="M1 1l6 6m0 0l6 6M7 7l6-6M7 7l-6 6"
          stroke="currentColor"
          stroke-linecap="round"
          stroke-linejoin="round"
          stroke-width="2"
        />
      </svg>
    </button>
  </div>
</div>
`;

exports[`Toast component renders the warning toast correctly 1`] = `
<div>
  <div
    class="overflow-hidden h-auto text-foreground box-border outline-none data-[focus-visible=true]:z-10 data-[focus-visible=true]:outline-2 data-[focus-visible=true]:outline-focus data-[focus-visible=true]:outline-offset-2 shadow-medium transition-transform-background motion-reduce:transition-none flex flex-row fixed z-[999] items-center justify-between w-full max-w-xs p-4 rounded-lg top-5 right-5 bg-background-100"
    data-testid="toast"
    role="alert"
    tabindex="-1"
  >
    <svg
      aria-hidden="true"
      class="mocked-class"
      fill="currentColor"
      viewBox="0 0 20 20"
      xmlns="http://www.w3.org/2000/svg"
    >
      <path
        d="M10 .5a9.5 9.5 0 1 0 9.5 9.5A9.51 9.51 0 0 0 10 .5ZM10 15a1 1 0 1 1 0-2 1 1 0 0 1 0 2Zm1-4a1 1 0 0 1-2 0V6a1 1 0 0 1 2 0v5Z"
      />
    </svg>
    <p
      class="text-sm text-primary-200 max-w-[220px] ml-2 mr-3"
    >
      Improve password difficulty.
    </p>
    <button
      class="z-0 group relative inline-flex items-center justify-center box-border appearance-none select-none whitespace-nowrap subpixel-antialiased overflow-hidden tap-highlight-transparent data-[pressed=true]:scale-[0.97] outline-none data-[focus-visible=true]:z-10 data-[focus-visible=true]:outline-2 data-[focus-visible=true]:outline-focus data-[focus-visible=true]:outline-offset-2 text-small gap-2 rounded-medium !gap-0 transition-transform-colors-opacity motion-reduce:transition-none w-10 h-10 data-[hover=true]:opacity-hover border-transparent font-semibold text-primary-200 bg-none min-w-5 p-0"
      type="button"
    >
      <svg
        class="w-3 h-3"
        fill="none"
        viewBox="0 0 14 14"
        xmlns="http://www.w3.org/2000/svg"
      >
        <path
          d="M1 1l6 6m0 0l6 6M7 7l6-6M7 7l-6 6"
          stroke="currentColor"
          stroke-linecap="round"
          stroke-linejoin="round"
          stroke-width="2"
        />
      </svg>
    </button>
  </div>
</div>
`;
