// Jest Snapshot v1, https://goo.gl/fbAQLP

exports[`Login page test case should render correctly 1`] = `
<DocumentFragment>
  <div
    class="relative overflow-hidden h-auto text-foreground box-border outline-none data-[focus-visible=true]:z-10 data-[focus-visible=true]:outline-2 data-[focus-visible=true]:outline-focus data-[focus-visible=true]:outline-offset-2 shadow-medium transition-transform-background motion-reduce:transition-none w-full max-w-[528px] max-h-[530px] bg-background-100 flex flex-col justify-center items-center rounded-3xl py-6 lg:px-6 mx-2"
    tabindex="-1"
  >
    <p
      class="text-secondary-300 text-4xl font-semibold"
    >
      Login
    </p>
    <form
      class="flex flex-col md:px-10 px-4 pt-4 w-full"
    >
      <div
        class="group flex flex-col data-[hidden=true]:hidden w-full relative justify-end data-[has-label=true]:mt-[calc(theme(fontSize.small)_+_12px)]"
        data-filled="true"
        data-filled-within="true"
        data-slot="base"
      >
        <div
          class="flex flex-col h-24"
          data-slot="main-wrapper"
        >
          <div
            class="relative w-full inline-flex tap-highlight-transparent flex-row items-center shadow-sm px-3 gap-3 data-[hover=true]:bg-default-200 group-data-[focus=true]:bg-default-100 min-h-12 rounded-large transition-background motion-reduce:transition-none !duration-150 outline-none group-data-[focus-visible=true]:z-10 group-data-[focus-visible=true]:ring-2 group-data-[focus-visible=true]:ring-focus group-data-[focus-visible=true]:ring-offset-2 group-data-[focus-visible=true]:ring-offset-background bg-transparent border-text-foreground !bg-transparent data-[hover=true]:!bg-transparent group-data-[focus=true]:ring-0 group-data-[focus=true]:ring-offset-0 group-data-[focus=true]:!bg-transparent data-[focus=true]:border-secondary-300 group-data-[invalid=true]:border-danger-100 h-auto py-5 border"
            data-slot="input-wrapper"
            style="cursor: text;"
          >
            <div
              class="inline-flex w-full items-center h-full box-border"
              data-slot="inner-wrapper"
            >
              <svg
                class="w-6 h-6 ml-4 text-primary-200"
                fill="none"
                viewBox="0 0 24 24"
                xmlns="http://www.w3.org/2000/svg"
              >
                <path
                  d="M17 21.25H7C3.35 21.25 1.25 19.15 1.25 15.5V8.5C1.25 4.85 3.35 2.75 7 2.75H17C20.65 2.75 22.75 4.85 22.75 8.5V15.5C22.75 19.15 20.65 21.25 17 21.25ZM7 4.25C4.14 4.25 2.75 5.64 2.75 8.5V15.5C2.75 18.36 4.14 19.75 7 19.75H17C19.86 19.75 21.25 18.36 21.25 15.5V8.5C21.25 5.64 19.86 4.25 17 4.25H7Z"
                  fill="currentColor"
                  fill-opacity="0.72"
                />
                <path
                  d="M11.9998 12.87C11.1598 12.87 10.3098 12.61 9.65978 12.08L6.52978 9.57997C6.20978 9.31997 6.14978 8.84997 6.40978 8.52997C6.66978 8.20997 7.13978 8.14997 7.45978 8.40997L10.5898 10.91C11.3498 11.52 12.6398 11.52 13.3998 10.91L16.5298 8.40997C16.8498 8.14997 17.3298 8.19997 17.5798 8.52997C17.8398 8.84997 17.7898 9.32997 17.4598 9.57997L14.3298 12.08C13.6898 12.61 12.8398 12.87 11.9998 12.87Z"
                  fill="currentColor"
                  fill-opacity="0.72"
                />
              </svg>
              <input
                aria-label="email address"
                class="w-full font-normal !outline-none focus-visible:outline-none data-[has-start-content=true]:ps-1.5 data-[has-end-content=true]:pe-1.5 file:cursor-pointer file:bg-transparent file:border-0 autofill:bg-transparent bg-clip-text group-data-[has-value=true]:text-default-foreground text-primary-100 placeholder:text-primary-300 bg-transparent text-sm mx-2 group-data-[invalid=true]:!text-danger-100"
                data-has-start-content="true"
                data-slot="input"
                id="react-aria-:r0:"
                name="identifier"
                placeholder="email address"
                type="text"
                value=""
              />
            </div>
          </div>
        </div>
      </div>
      <div
        class="group flex flex-col data-[hidden=true]:hidden w-full relative justify-end data-[has-label=true]:mt-[calc(theme(fontSize.small)_+_12px)]"
        data-filled="true"
        data-filled-within="true"
        data-slot="base"
      >
        <div
          class="flex flex-col h-24"
          data-slot="main-wrapper"
        >
          <div
            class="relative w-full inline-flex tap-highlight-transparent flex-row items-center shadow-sm px-3 gap-3 data-[hover=true]:bg-default-200 group-data-[focus=true]:bg-default-100 min-h-12 rounded-large transition-background motion-reduce:transition-none !duration-150 outline-none group-data-[focus-visible=true]:z-10 group-data-[focus-visible=true]:ring-2 group-data-[focus-visible=true]:ring-focus group-data-[focus-visible=true]:ring-offset-2 group-data-[focus-visible=true]:ring-offset-background bg-transparent border-text-foreground !bg-transparent data-[hover=true]:!bg-transparent group-data-[focus=true]:ring-0 group-data-[focus=true]:ring-offset-0 group-data-[focus=true]:!bg-transparent data-[focus=true]:border-secondary-300 group-data-[invalid=true]:border-danger-100 h-auto py-5 border"
            data-slot="input-wrapper"
            style="cursor: text;"
          >
            <div
              class="inline-flex w-full items-center h-full box-border"
              data-slot="inner-wrapper"
            >
              <svg
                class="w-6 h-6 ml-4 text-primary-200"
                fill="none"
                viewBox="0 0 24 24"
                xmlns="http://www.w3.org/2000/svg"
              >
                <path
                  d="M18 10.75C17.59 10.75 17.25 10.41 17.25 10V8C17.25 4.85 16.36 2.75 12 2.75C7.64 2.75 6.75 4.85 6.75 8V10C6.75 10.41 6.41 10.75 6 10.75C5.59 10.75 5.25 10.41 5.25 10V8C5.25 5.1 5.95 1.25 12 1.25C18.05 1.25 18.75 5.1 18.75 8V10C18.75 10.41 18.41 10.75 18 10.75Z"
                  fill="currentColor"
                  fill-opacity="0.72"
                />
                <path
                  d="M12 19.25C10.21 19.25 8.75 17.79 8.75 16C8.75 14.21 10.21 12.75 12 12.75C13.79 12.75 15.25 14.21 15.25 16C15.25 17.79 13.79 19.25 12 19.25ZM12 14.25C11.04 14.25 10.25 15.04 10.25 16C10.25 16.96 11.04 17.75 12 17.75C12.96 17.75 13.75 16.96 13.75 16C13.75 15.04 12.96 14.25 12 14.25Z"
                  fill="currentColor"
                  fill-opacity="0.72"
                />
                <path
                  d="M17 22.75H7C2.59 22.75 1.25 21.41 1.25 17V15C1.25 10.59 2.59 9.25 7 9.25H17C21.41 9.25 22.75 10.59 22.75 15V17C22.75 21.41 21.41 22.75 17 22.75ZM7 10.75C3.42 10.75 2.75 11.43 2.75 15V17C2.75 20.57 3.42 21.25 7 21.25H17C20.58 21.25 21.25 20.57 21.25 17V15C21.25 11.43 20.58 10.75 17 10.75H7Z"
                  fill="currentColor"
                />
              </svg>
              <input
                aria-label="password"
                class="w-full font-normal !outline-none focus-visible:outline-none data-[has-start-content=true]:ps-1.5 data-[has-end-content=true]:pe-1.5 file:cursor-pointer file:bg-transparent file:border-0 autofill:bg-transparent bg-clip-text group-data-[has-value=true]:text-default-foreground text-primary-100 placeholder:text-primary-300 bg-transparent text-sm mx-2 group-data-[invalid=true]:!text-danger-100"
                data-has-end-content="true"
                data-has-start-content="true"
                data-slot="input"
                id="react-aria-:r5:"
                name="password"
                placeholder="password"
                type="password"
                value=""
              />
              <button
                aria-label="visible password"
                class="z-0 group relative inline-flex items-center justify-center box-border appearance-none select-none whitespace-nowrap subpixel-antialiased overflow-hidden tap-highlight-transparent data-[pressed=true]:scale-[0.97] outline-none data-[focus-visible=true]:z-10 data-[focus-visible=true]:outline-2 data-[focus-visible=true]:outline-focus data-[focus-visible=true]:outline-offset-2 text-small gap-2 rounded-medium !gap-0 transition-transform-colors-opacity motion-reduce:transition-none w-10 data-[hover=true]:opacity-hover border-transparent font-semibold bg-linear-success bg-none p-0 min-w-5 h-5 text-primary-200"
                type="button"
              >
                <svg
                  class="w-full h-full"
                  height="16"
                  viewBox="0 0 640 512"
                  width="20"
                >
                  <g
                    opacity="0.6"
                  >
                    <path
                      d="M38.8 5.1C28.4-3.1 13.3-1.2 5.1 9.2S-1.2 34.7 9.2 42.9l592 464c10.4 8.2 25.5 6.3 33.7-4.1s6.3-25.5-4.1-33.7L525.6 386.7c39.6-40.6 66.4-86.1 79.9-118.4c3.3-7.9 3.3-16.7 0-24.6c-14.9-35.7-46.2-87.7-93-131.1C465.5 68.8 400.8 32 320 32c-68.2 0-125 26.3-169.3 60.8L38.8 5.1zm151 118.3C226 97.7 269.5 80 320 80c65.2 0 118.8 29.6 159.9 67.7C518.4 183.5 545 226 558.6 256c-12.6 28-36.6 66.8-70.9 100.9l-53.8-42.2c9.1-17.6 14.2-37.5 14.2-58.7c0-70.7-57.3-128-128-128c-32.2 0-61.7 11.9-84.2 31.5l-46.1-36.1zM394.9 284.2l-81.5-63.9c4.2-8.5 6.6-18.2 6.6-28.3c0-5.5-.7-10.9-2-16c.7 0 1.3 0 2 0c44.2 0 80 35.8 80 80c0 9.9-1.8 19.4-5.1 28.2zm51.3 163.3l-41.9-33C378.8 425.4 350.7 432 320 432c-65.2 0-118.8-29.6-159.9-67.7C121.6 328.5 95 286 81.4 256c8.3-18.4 21.5-41.5 39.4-64.8L83.1 161.5C60.3 191.2 44 220.8 34.5 243.7c-3.3 7.9-3.3 16.7 0 24.6c14.9 35.7 46.2 87.7 93 131.1C174.5 443.2 239.2 480 320 480c47.8 0 89.9-12.9 126.2-32.5zm-88-69.3L302 334c-23.5-5.4-43.1-21.2-53.7-42.3l-56.1-44.2c-.2 2.8-.3 5.6-.3 8.5c0 70.7 57.3 128 128 128c13.3 0 26.1-2 38.2-5.8z"
                      fill="currentColor"
                      opacity="1"
                    />
                  </g>
                </svg>
              </button>
            </div>
          </div>
        </div>
      </div>
      <div
        class="flex justify-between w-full px-2 py-4"
      >
        <label
          class="group relative max-w-fit inline-flex items-center justify-start cursor-pointer tap-highlight-transparent p-2 -m-2 select-none"
        >
          <span
            style="border: 0px; clip-path: inset(50%); height: 1px; margin: -1px; overflow: hidden; padding: 0px; position: absolute; width: 1px; white-space: nowrap;"
          >
            <input
              aria-label="Remember Me"
              aria-labelledby=":ra:"
              type="checkbox"
              value=""
            />
          </span>
          <span
            aria-hidden="true"
            class="relative inline-flex items-center justify-center flex-shrink-0 overflow-hidden before:content-[''] before:absolute before:inset-0 before:border-solid before:box-border after:content-[''] after:absolute after:inset-0 after:scale-50 after:opacity-0 after:origin-center group-data-[selected=true]:after:scale-100 group-data-[selected=true]:after:opacity-100 group-data-[hover=true]:before:bg-default-100 outline-none group-data-[focus-visible=true]:z-10 group-data-[focus-visible=true]:ring-2 group-data-[focus-visible=true]:ring-focus group-data-[focus-visible=true]:ring-offset-2 group-data-[focus-visible=true]:ring-offset-background after:text-primary-foreground text-primary-foreground mr-2 rtl:ml-2 rtl:mr-[unset] before:transition-colors group-data-[pressed=true]:scale-95 transition-transform after:transition-transform-opacity after:!ease-linear after:!duration-200 motion-reduce:transition-none after:bg-emerald before:border-primary-100 w-5 h-5 before:border rounded before:rounded after:rounded"
          >
            <svg
              aria-hidden="true"
              class="z-10 opacity-0 group-data-[selected=true]:opacity-100 w-4 h-3 transition-opacity motion-reduce:transition-none text-primary-100"
              role="presentation"
              viewBox="0 0 17 18"
            >
              <polyline
                fill="none"
                points="1 9 7 14 15 4"
                stroke="currentColor"
                stroke-dasharray="22"
                stroke-dashoffset="66"
                stroke-linecap="round"
                stroke-linejoin="round"
                stroke-width="2"
              />
            </svg>
          </span>
          <span
            class="relative select-none transition-colors-opacity before:transition-width motion-reduce:transition-none text-base text-foreground"
            id=":ra:"
          >
            Remember Me
          </span>
        </label>
        <a
          aria-disabled="true"
          class="relative inline-flex items-center tap-highlight-transparent outline-none data-[focus-visible=true]:z-10 data-[focus-visible=true]:outline-2 data-[focus-visible=true]:outline-focus data-[focus-visible=true]:outline-offset-2 no-underline hover:opacity-80 active:opacity-disabled transition-opacity opacity-disabled cursor-default pointer-events-none font-semibold text-secondary-400 text-lg"
          data-disabled="true"
          href="/forgot-password"
          role="link"
        >
          Forgot Password?
        </a>
      </div>
      <div
        class="h-[78px] flex flex-col justify-end"
      >
        <button
          class="z-0 group relative inline-flex items-center justify-center box-border appearance-none select-none whitespace-nowrap subpixel-antialiased overflow-hidden tap-highlight-transparent data-[pressed=true]:scale-[0.97] outline-none data-[focus-visible=true]:z-10 data-[focus-visible=true]:outline-2 data-[focus-visible=true]:outline-focus data-[focus-visible=true]:outline-offset-2 px-6 min-w-24 opacity-disabled pointer-events-none [&>svg]:max-w-[theme(spacing.8)] transition-transform-colors-opacity motion-reduce:transition-none data-[hover=true]:opacity-hover border-transparent font-semibold bg-linear-success text-content1 w-full max-h-12 h-12 text-small gap-2 rounded-small"
          data-disabled="true"
          disabled=""
          type="submit"
        >
          Login
        </button>
      </div>
      <div
        class="flex justify-center w-full gap-6 pt-10 pb-3"
      >
        <p
          class="text-foreground"
        >
          Don’t Have An Account?
        </p>
        <a
          class="relative inline-flex items-center tap-highlight-transparent outline-none data-[focus-visible=true]:z-10 data-[focus-visible=true]:outline-2 data-[focus-visible=true]:outline-focus data-[focus-visible=true]:outline-offset-2 text-medium no-underline hover:opacity-80 active:opacity-disabled transition-opacity font-semibold text-secondary-400"
          href="/signup"
          role="link"
          tabindex="0"
        >
          Signup
        </a>
      </div>
    </form>
  </div>
</DocumentFragment>
`;
