// Jest Snapshot v1, https://goo.gl/fbAQLP

exports[`ForgotPassword page test case should render correctly 1`] = `
<DocumentFragment>
  <h2>
    Forgot password page
  </h2>
</DocumentFragment>
`;
